// Vitest Snapshot v1, https://vitest.dev/guide/snapshot.html

exports[`HomeCard Component > should match snapshot 1`] = `
"<div class="bg-pink px-[17px] py-[15px] rounded-lg shadow-custom flex flex-col items-center hover:bg-light-pink"><svg width="100" height="101" viewBox="0 0 100 101" fill="none" xmlns="http://www.w3.org/2000/svg">
    <path d="M67.0796 17.0856H59.1772C47.7888 17.0856 37.4341 21.5681 29.761 28.8517L31.8637 35.4396L39.1342 31.748L67.0796 17.0856ZM67.0796 17.0856V39.6676H61.1934C49.7526 39.6676 40.4453 48.9748 40.4453 60.4156V67.9991H16.4058V59.8566C16.4058 48.675 20.7268 38.4895 27.7779 30.8605L29.9288 37.5996L29.9289 37.5997C30.0405 37.9487 30.2992 38.2312 30.6373 38.3728L30.6382 38.3732C30.9756 38.513 31.3583 38.5008 31.6857 38.3337L31.6855 38.3339L31.5723 38.111L31.6859 38.3336L67.0796 17.0856ZM38.8377 34.7021L40.3183 41.1953L40.3183 41.1954C40.4507 41.7753 40.9659 42.1682 41.5364 42.1676M38.8377 34.7021L39.1344 31.7479C39.4781 31.5731 39.8832 31.5659 40.2317 31.7313C40.5807 31.8947 40.8332 32.2101 40.919 32.5844L40.919 32.5847L42.756 40.6399L42.756 40.6399C42.9092 41.3126 42.488 41.9827 41.815 42.1364M38.8377 34.7021L39.0676 34.5854L40.562 41.1398L38.8377 34.7021ZM38.8377 34.7021L38.7804 34.4508L38.8377 34.7021ZM41.5364 42.1676C41.5363 42.1676 41.5362 42.1676 41.5361 42.1676V41.9176L41.5364 42.1676ZM41.5364 42.1676C41.6278 42.1676 41.7211 42.1579 41.815 42.1364M41.815 42.1364C41.815 42.1364 41.815 42.1364 41.815 42.1364L41.7593 41.8927L41.815 42.1364ZM89 17.0856C89.6903 17.0856 90.25 16.5259 90.25 15.8356C90.25 15.1453 89.6903 14.5856 89 14.5856H80.708V14.1671C80.708 11.8235 78.8016 9.91711 76.458 9.91711H71.3296C68.986 9.91711 67.0796 11.8235 67.0796 14.1671V14.5856H59.1772C34.2145 14.5856 13.9058 34.8938 13.9058 59.8566V68.0002C11.6055 68.0505 9.75 69.937 9.75 72.2491V77.3776C9.75 79.6897 11.6055 81.5762 13.9058 81.6265V89.1671C13.9058 89.8574 14.4654 90.4171 15.1558 90.4171C15.8461 90.4171 16.4058 89.8574 16.4058 89.1671V81.6276H40.4453V89.1671C40.4453 89.8574 41.005 90.4171 41.6953 90.4171C42.3856 90.4171 42.9453 89.8574 42.9453 89.1671V81.6173C45.1639 81.4781 46.9268 79.631 46.9268 77.3776V72.2491C46.9268 69.9957 45.1639 68.1486 42.9453 68.0094V60.4156C42.9453 50.354 51.1317 42.1676 61.1934 42.1676H67.0796V42.8439C67.0796 45.1875 68.986 47.0939 71.3296 47.0939H76.458C78.8016 47.0939 80.708 45.1875 80.708 42.8439V42.1676H89C89.6903 42.1676 90.25 41.6079 90.25 40.9176C90.25 40.2273 89.6903 39.6676 89 39.6676H80.708V17.0856H89ZM44.4268 72.2491V77.3776C44.4268 78.3425 43.6417 79.1276 42.6768 79.1276H14C13.035 79.1276 12.25 78.3425 12.25 77.3776V72.2491C12.25 71.2842 13.035 70.4991 14 70.4991H42.6768C43.6417 70.4991 44.4268 71.2842 44.4268 72.2491ZM78.208 42.8439C78.208 43.8088 77.423 44.5939 76.458 44.5939H71.3296C70.3646 44.5939 69.5796 43.8088 69.5796 42.8439V14.1671C69.5796 13.2022 70.3646 12.4171 71.3296 12.4171H76.458C77.423 12.4171 78.208 13.2022 78.208 14.1671V42.8439Z" fill="FF445F" stroke="FF445F" stroke-width="0.5"></path>
  </svg>
  <div class="mt-2 text-center p-1 font-bold text-sm text-white bg-light-pink">Plomberie</div>
</div>"
`;
